Archive member included to satisfy reference by file (symbol)

corelib/lib.a(downloader.o)   core/built-in.o.tmp (download_print_help)
corelib/lib.a(lua_interface.o)
                              handlers/built-in.o (run_lua_script)
corelib/lib.a(parsing_library_libconfig.o)
                              core/built-in.o.tmp (get_child_libconfig)
corelib/lib.a(swupdate_decrypt.o)
                              core/built-in.o.tmp (swupdate_DECRYPT_init)
corelib/lib.a(swupdate_rsa_verify.o)
                              test/test_verify.o (swupdate_verify_file)
corelib/lib.a(swupdate_settings.o)
                              core/built-in.o.tmp (read_module_settings)
corelib/lib.a(verify_signature.o)
                              corelib/lib.a(swupdate_rsa_verify.o) (dgst_init)
corelib/lib.a(channel_curl.o)
                              corelib/lib.a(downloader.o) (channel_new)
mongoose/lib.a(mongoose_interface.o)
                              core/built-in.o.tmp (mongoose_print_help)
mongoose/lib.a(mongoose_multipart.o)
                              mongoose/lib.a(mongoose_interface.o) (multipart_upload_handler)
mongoose/lib.a(mongoose.o)    mongoose/lib.a(mongoose_multipart.o) (mg_call)
parser/lib.a(parse_external.o)
                              core/built-in.o.tmp (parse_external)
parser/lib.a(parser.o)        core/built-in.o.tmp (parse_cfg)
/usr/lib/x86_64-linux-gnu/libc_nonshared.a(elf-init.oS)
                              /usr/lib/gcc/x86_64-linux-gnu/10/../../../x86_64-linux-gnu/Scrt1.o (__libc_csu_init)
/usr/lib/x86_64-linux-gnu/libc_nonshared.a(atexit.oS)
                              core/built-in.o.tmp (atexit)
/usr/lib/x86_64-linux-gnu/libc_nonshared.a(stat.oS)
                              core/built-in.o.tmp (stat)

As-needed library included to satisfy reference by file (symbol)

libswupdate.so.0.1            core/built-in.o.tmp (ipc_postupdate)
libpthread.so.0               core/built-in.o.tmp (write@@GLIBC_2.2.5)
liblua5.2.so.0                corelib/lib.a(lua_interface.o) (lua_pushfstring@@LUA_5.2)
libarchive.so.13              handlers/built-in.o (archive_write_disk_set_options)
libcrypto.so.1.1              corelib/lib.a(verify_signature.o) (EVP_DigestInit_ex@@OPENSSL_1_1_0)
libz.so.1                     core/built-in.o.tmp (inflateEnd)
libzmq.so.5                   handlers/built-in.o (zmq_msg_data)
libcmocka.so.0                test/test_verify.o (_cmocka_run_group_tests)
libc.so.6                     core/built-in.o.tmp (setuid@@GLIBC_2.2.5)

Discarded input sections

 .rodata.cst4   0x0000000000000000        0x4 /usr/lib/gcc/x86_64-linux-gnu/10/../../../x86_64-linux-gnu/Scrt1.o
 .data          0x0000000000000000        0x4 /usr/lib/gcc/x86_64-linux-gnu/10/../../../x86_64-linux-gnu/Scrt1.o
 .bss           0x0000000000000000        0x0 /usr/lib/gcc/x86_64-linux-gnu/10/../../../x86_64-linux-gnu/Scrt1.o
 .note.GNU-stack
                0x0000000000000000        0x0 /usr/lib/gcc/x86_64-linux-gnu/10/../../../x86_64-linux-gnu/Scrt1.o
 .text          0x0000000000000000        0x0 /usr/lib/gcc/x86_64-linux-gnu/10/../../../x86_64-linux-gnu/crti.o
 .data          0x0000000000000000        0x0 /usr/lib/gcc/x86_64-linux-gnu/10/../../../x86_64-linux-gnu/crti.o
 .bss           0x0000000000000000        0x0 /usr/lib/gcc/x86_64-linux-gnu/10/../../../x86_64-linux-gnu/crti.o
 .note.GNU-stack
                0x0000000000000000        0x0 /usr/lib/gcc/x86_64-linux-gnu/10/../../../x86_64-linux-gnu/crti.o
 .data          0x0000000000000000        0x0 /usr/lib/gcc/x86_64-linux-gnu/10/crtbeginS.o
 .note.GNU-stack
                0x0000000000000000        0x0 /usr/lib/gcc/x86_64-linux-gnu/10/crtbeginS.o
 .text          0x0000000000000000        0x0 test/test_verify.o
 .data          0x0000000000000000        0x0 test/test_verify.o
 .bss           0x0000000000000000        0x0 test/test_verify.o
 .note.GNU-stack
                0x0000000000000000        0x0 test/test_verify.o
 .text          0x0000000000000000        0x0 core/built-in.o.tmp
 .text.sigterm_handler
                0x0000000000000000        0xc core/built-in.o.tmp
 .text.read_processes_settings
                0x0000000000000000      0x23c core/built-in.o.tmp
 .text.read_console_settings
                0x0000000000000000       0x6f core/built-in.o.tmp
 .text.parse_image_selector
                0x0000000000000000      0x146 core/built-in.o.tmp
 .text.parse_cert_purpose
                0x0000000000000000       0xcf core/built-in.o.tmp
 .text.read_globals_settings
                0x0000000000000000      0x326 core/built-in.o.tmp
 .text.main     0x0000000000000000      0xefa core/built-in.o.tmp
 .text.get_cpiohdr
                0x0000000000000000      0x133 core/built-in.o.tmp
 .text.extract_padding
                0x0000000000000000       0xe7 core/built-in.o.tmp
 .text.copybuffer
                0x0000000000000000       0x36 core/built-in.o.tmp
 .text.extract_cpio_header
                0x0000000000000000      0x195 core/built-in.o.tmp
[...]
Memory Configuration

Name             Origin             Length             Attributes
*default*        0x0000000000000000 0xffffffffffffffff

Linker script and memory map

LOAD /usr/lib/gcc/x86_64-linux-gnu/10/../../../x86_64-linux-gnu/Scrt1.o
LOAD /usr/lib/gcc/x86_64-linux-gnu/10/../../../x86_64-linux-gnu/crti.o
LOAD /usr/lib/gcc/x86_64-linux-gnu/10/crtbeginS.o
START GROUP
LOAD test/test_verify.o
LOAD core/built-in.o.tmp
LOAD handlers/built-in.o
LOAD bootloader/built-in.o
LOAD corelib/lib.a
LOAD mongoose/lib.a
LOAD parser/lib.a
LOAD suricatta/lib.a
LOAD fs/lib.a
LOAD libswupdate.so.0.1
END GROUP
START GROUP
LOAD /usr/lib/gcc/x86_64-linux-gnu/10/../../../x86_64-linux-gnu/libpthread.so
LOAD /usr/lib/gcc/x86_64-linux-gnu/10/../../../x86_64-linux-gnu/liblua5.2.so
LOAD /usr/lib/gcc/x86_64-linux-gnu/10/../../../x86_64-linux-gnu/libarchive.so
LOAD /usr/lib/gcc/x86_64-linux-gnu/10/../../../x86_64-linux-gnu/libcrypto.so
LOAD /usr/lib/gcc/x86_64-linux-gnu/10/../../../x86_64-linux-gnu/libz.so
LOAD /usr/lib/gcc/x86_64-linux-gnu/10/../../../x86_64-linux-gnu/libzmq.so
LOAD /usr/lib/gcc/x86_64-linux-gnu/10/../../../x86_64-linux-gnu/libcmocka.so
END GROUP
LOAD /usr/lib/gcc/x86_64-linux-gnu/10/libgcc.a
LOAD /usr/lib/gcc/x86_64-linux-gnu/10/libgcc_eh.a
LOAD /usr/lib/gcc/x86_64-linux-gnu/10/../../../x86_64-linux-gnu/libc.so
START GROUP
LOAD /lib/x86_64-linux-gnu/libc.so.6
LOAD /usr/lib/x86_64-linux-gnu/libc_nonshared.a
LOAD /lib64/ld-linux-x86-64.so.2
END GROUP
LOAD /usr/lib/gcc/x86_64-linux-gnu/10/libgcc.a
LOAD /usr/lib/gcc/x86_64-linux-gnu/10/libgcc_eh.a
LOAD /usr/lib/gcc/x86_64-linux-gnu/10/crtendS.o
LOAD /usr/lib/gcc/x86_64-linux-gnu/10/../../../x86_64-linux-gnu/crtn.o
                [!provide]                        PROVIDE (__executable_start = SEGMENT_START ("text-segment", 0x0))
                0x00000000000002a8                . = (SEGMENT_START ("text-segment", 0x0) + SIZEOF_HEADERS)

.interp         0x00000000000002a8       0x1c
 *(SORT_BY_ALIGNMENT(.interp))
 .interp        0x00000000000002a8       0x1c /usr/lib/gcc/x86_64-linux-gnu/10/../../../x86_64-linux-gnu/Scrt1.o

.note.gnu.build-id
                0x00000000000002c4       0x24
 *(SORT_BY_ALIGNMENT(.note.gnu.build-id))
 .note.gnu.build-id
                0x00000000000002c4       0x24 /usr/lib/gcc/x86_64-linux-gnu/10/../../../x86_64-linux-gnu/Scrt1.o

.note.ABI-tag   0x00000000000002e8       0x20
 .note.ABI-tag  0x00000000000002e8       0x20 /usr/lib/gcc/x86_64-linux-gnu/10/../../../x86_64-linux-gnu/Scrt1.o

.hash
 *(SORT_BY_ALIGNMENT(.hash))

.gnu.hash       0x0000000000000308       0x28
 *(SORT_BY_ALIGNMENT(.gnu.hash))
 .gnu.hash      0x0000000000000308       0x28 /usr/lib/gcc/x86_64-linux-gnu/10/../../../x86_64-linux-gnu/Scrt1.o

.dynsym         0x0000000000000330     0x1308
 *(SORT_BY_ALIGNMENT(.dynsym))
 .dynsym        0x0000000000000330     0x1308 /usr/lib/gcc/x86_64-linux-gnu/10/../../../x86_64-linux-gnu/Scrt1.o

.dynstr         0x0000000000001638      0xabd
 *(SORT_BY_ALIGNMENT(.dynstr))
 .dynstr        0x0000000000001638      0xabd /usr/lib/gcc/x86_64-linux-gnu/10/../../../x86_64-linux-gnu/Scrt1.o

.gnu.version    0x00000000000020f6      0x196
 *(SORT_BY_ALIGNMENT(.gnu.version))
 .gnu.version   0x00000000000020f6      0x196 /usr/lib/gcc/x86_64-linux-gnu/10/../../../x86_64-linux-gnu/Scrt1.o

.gnu.version_d  0x0000000000002290        0x0
 *(SORT_BY_ALIGNMENT(.gnu.version_d))
 .gnu.version_d
                0x0000000000002290        0x0 /usr/lib/gcc/x86_64-linux-gnu/10/../../../x86_64-linux-gnu/Scrt1.o

.gnu.version_r  0x0000000000002290       0xb0
 *(SORT_BY_ALIGNMENT(.gnu.version_r))
 .gnu.version_r
                0x0000000000002290       0xb0 /usr/lib/gcc/x86_64-linux-gnu/10/../../../x86_64-linux-gnu/Scrt1.o

.rela.dyn       0x0000000000002340      0x8e8
 *(SORT_BY_ALIGNMENT(.rela.init))
 *(SORT_BY_ALIGNMENT(.rela.text) SORT_BY_ALIGNMENT(.rela.text.*) SORT_BY_ALIGNMENT(.rela.gnu.linkonce.t.*))
 .rela.text     0x0000000000002340        0x0 /usr/lib/gcc/x86_64-linux-gnu/10/../../../x86_64-linux-gnu/Scrt1.o
 *(SORT_BY_ALIGNMENT(.rela.fini))
 *(SORT_BY_ALIGNMENT(.rela.rodata) SORT_BY_ALIGNMENT(.rela.rodata.*) SORT_BY_ALIGNMENT(.rela.gnu.linkonce.r.*))
 *(SORT_BY_ALIGNMENT(.rela.data) SORT_BY_ALIGNMENT(.rela.data.*) SORT_BY_ALIGNMENT(.rela.gnu.linkonce.d.*))
 .rela.data.rel.ro
                0x0000000000002340        0x0 /usr/lib/gcc/x86_64-linux-gnu/10/../../../x86_64-linux-gnu/Scrt1.o
 .rela.data.rel.local
                0x0000000000002340       0x18 /usr/lib/gcc/x86_64-linux-gnu/10/../../../x86_64-linux-gnu/Scrt1.o
 .rela.data.rel.ro.local.verify_tests.0
                0x0000000000002358       0x30 /usr/lib/gcc/x86_64-linux-gnu/10/../../../x86_64-linux-gnu/Scrt1.o
 .rela.data.rel.local.none
                0x0000000000002388       0x60 /usr/lib/gcc/x86_64-linux-gnu/10/../../../x86_64-linux-gnu/Scrt1.o
 .rela.data.rel.ro.local.l_swupdate_handler
                0x00000000000023e8       0xf0 /usr/lib/gcc/x86_64-linux-gnu/10/../../../x86_64-linux-gnu/Scrt1.o
 .rela.data.rel.ro.local.l_swupdate_bootenv
                0x00000000000024d8       0x90 /usr/lib/gcc/x86_64-linux-gnu/10/../../../x86_64-linux-gnu/Scrt1.o
 .rela.data.rel.ro.local.l_swupdate
                0x0000000000002568      0x270 /usr/lib/gcc/x86_64-linux-gnu/10/../../../x86_64-linux-gnu/Scrt1.o
 .rela.data.rel.local.statfields
                0x00000000000027d8      0x2a0 /usr/lib/gcc/x86_64-linux-gnu/10/../../../x86_64-linux-gnu/Scrt1.o
 *(SORT_BY_ALIGNMENT(.rela.tdata) SORT_BY_ALIGNMENT(.rela.tdata.*) SORT_BY_ALIGNMENT(.rela.gnu.linkonce.td.*))
 *(SORT_BY_ALIGNMENT(.rela.tbss) SORT_BY_ALIGNMENT(.rela.tbss.*) SORT_BY_ALIGNMENT(.rela.gnu.linkonce.tb.*))
 *(SORT_BY_ALIGNMENT(.rela.ctors))
 *(SORT_BY_ALIGNMENT(.rela.dtors))
 *(SORT_BY_ALIGNMENT(.rela.got))
 .rela.got      0x0000000000002a78       0x78 /usr/lib/gcc/x86_64-linux-gnu/10/../../../x86_64-linux-gnu/Scrt1.o
 *(SORT_BY_ALIGNMENT(.rela.bss) SORT_BY_ALIGNMENT(.rela.bss.*) SORT_BY_ALIGNMENT(.rela.gnu.linkonce.b.*))
 .rela.bss      0x0000000000002af0        0x0 /usr/lib/gcc/x86_64-linux-gnu/10/../../../x86_64-linux-gnu/Scrt1.o
 *(SORT_BY_ALIGNMENT(.rela.ldata) SORT_BY_ALIGNMENT(.rela.ldata.*) SORT_BY_ALIGNMENT(.rela.gnu.linkonce.l.*))
 *(SORT_BY_ALIGNMENT(.rela.lbss) SORT_BY_ALIGNMENT(.rela.lbss.*) SORT_BY_ALIGNMENT(.rela.gnu.linkonce.lb.*))
 *(SORT_BY_ALIGNMENT(.rela.lrodata) SORT_BY_ALIGNMENT(.rela.lrodata.*) SORT_BY_ALIGNMENT(.rela.gnu.linkonce.lr.*))
 *(SORT_BY_ALIGNMENT(.rela.ifunc))
 .rela.ifunc    0x0000000000002af0        0x0 /usr/lib/gcc/x86_64-linux-gnu/10/../../../x86_64-linux-gnu/Scrt1.o
 .rela.fini_array
                0x0000000000002af0       0x18 /usr/lib/gcc/x86_64-linux-gnu/10/../../../x86_64-linux-gnu/Scrt1.o
 .rela.init_array
                0x0000000000002b08      0x120 /usr/lib/gcc/x86_64-linux-gnu/10/../../../x86_64-linux-gnu/Scrt1.o

.rela.plt       0x0000000000002c28     0x1260
 *(SORT_BY_ALIGNMENT(.rela.plt))
 .rela.plt      0x0000000000002c28     0x1260 /usr/lib/gcc/x86_64-linux-gnu/10/../../../x86_64-linux-gnu/Scrt1.o
 *(SORT_BY_ALIGNMENT(.rela.iplt))
                0x0000000000004000                . = ALIGN (CONSTANT (MAXPAGESIZE))

.init           0x0000000000004000       0x17
 *(SORT_NONE(.init))
 .init          0x0000000000004000       0x12 /usr/lib/gcc/x86_64-linux-gnu/10/../../../x86_64-linux-gnu/crti.o
                0x0000000000004000                _init
 .init          0x0000000000004012        0x5 /usr/lib/gcc/x86_64-linux-gnu/10/../../../x86_64-linux-gnu/crtn.o

.plt            0x0000000000004020      0xc50
 *(SORT_BY_ALIGNMENT(.plt))
 .plt           0x0000000000004020      0xc50 /usr/lib/gcc/x86_64-linux-gnu/10/../../../x86_64-linux-gnu/Scrt1.o
                0x0000000000004030                strdup@@GLIBC_2.2.5
                0x0000000000004040                ERR_reason_error_string@@OPENSSL_1_1_0
                0x0000000000004050                scandir@@GLIBC_2.2.5
                0x0000000000004060                lua_createtable@@LUA_5.2
                0x0000000000004070                feof@@GLIBC_2.2.5
                0x0000000000004080                printf@@GLIBC_2.2.5
                0x0000000000004090                fdopen@@GLIBC_2.2.5
                0x00000000000040a0                select@@GLIBC_2.2.5
                0x00000000000040b0                BIO_new@@OPENSSL_1_1_0
                0x00000000000040c0                __isoc99_sscanf@@GLIBC_2.7
                0x00000000000040d0                realloc@@GLIBC_2.2.5
                0x00000000000040e0                EVP_DigestInit_ex@@OPENSSL_1_1_0
                0x00000000000040f0                archive_read_free
                0x0000000000004100                access@@GLIBC_2.2.5
                0x0000000000004110                chmod@@GLIBC_2.2.5
                0x0000000000004120                lua_type@@LUA_5.2
                0x0000000000004130                luaL_buffinit@@LUA_5.2
                0x0000000000004140                lua_settop@@LUA_5.2
                0x0000000000004150                mkfifo@@GLIBC_2.2.5
                0x0000000000004160                strncpy@@GLIBC_2.2.5
                0x0000000000004170                memmove@@GLIBC_2.2.5
                0x0000000000004180                EVP_sha1@@OPENSSL_1_1_0
                0x0000000000004190                pthread_attr_init@@GLIBC_2.2.5
                0x00000000000041a0                __isoc99_fscanf@@GLIBC_2.7
                0x00000000000041b0                free@@GLIBC_2.2.5
                0x00000000000041c0                EVP_aes_192_cbc@@OPENSSL_1_1_0
                0x00000000000041d0                zmq_msg_init_size
                0x00000000000041e0                EVP_DecryptInit_ex@@OPENSSL_1_1_0
                0x00000000000041f0                EVP_DigestUpdate@@OPENSSL_1_1_0
                0x0000000000004200                mount@@GLIBC_2.2.5
                0x0000000000004210                freelocale@@GLIBC_2.3
                0x0000000000004220                close@@GLIBC_2.2.5
                0x0000000000004230                unlink@@GLIBC_2.2.5
                0x0000000000004240                zmq_socket
                0x0000000000004250                strncmp@@GLIBC_2.2.5
                0x0000000000004260                lua_pushlstring@@LUA_5.2
                0x0000000000004270                inflateInit2_
                0x0000000000004280                pthread_mutex_unlock@@GLIBC_2.2.5
                0x0000000000004290                BIO_s_file@@OPENSSL_1_1_0
                0x00000000000042a0                mkdir@@GLIBC_2.2.5
                0x00000000000042b0                pthread_mutex_lock@@GLIBC_2.2.5
                0x00000000000042c0                luaL_requiref@@LUA_5.2
                0x00000000000042d0                strtok@@GLIBC_2.2.5
                0x00000000000042e0                lseek@@GLIBC_2.2.5
                0x00000000000042f0                strtok_r@@GLIBC_2.2.5
                0x0000000000004300                lua_getfield@@LUA_5.2
                0x0000000000004310                archive_write_disk_set_options
                0x0000000000004320                __ctype_toupper_loc@@GLIBC_2.3
                0x0000000000004330                ERR_error_string@@OPENSSL_1_1_0
                0x0000000000004340                luaL_loadfilex@@LUA_5.2
                0x0000000000004350                BIO_ctrl@@OPENSSL_1_1_0
                0x0000000000004360                send@@GLIBC_2.2.5
                0x0000000000004370                fstatvfs@@GLIBC_2.2.5
                0x0000000000004380                EVP_PKEY_size@@OPENSSL_1_1_0
                0x0000000000004390                luaL_checklstring@@LUA_5.2
                0x00000000000043a0                getcwd@@GLIBC_2.2.5
                0x00000000000043b0                EVP_aes_128_cbc@@OPENSSL_1_1_0
                0x00000000000043c0                archive_write_header
                0x00000000000043d0                lua_pushnumber@@LUA_5.2
                0x00000000000043e0                strlen@@GLIBC_2.2.5
                0x00000000000043f0                strcpy@@GLIBC_2.2.5
                0x0000000000004400                zmq_msg_send
                0x0000000000004410                lua_gettop@@LUA_5.2
                0x0000000000004420                BIO_new_file@@OPENSSL_1_1_0
                0x0000000000004430                rmdir@@GLIBC_2.2.5
                0x0000000000004440                fclose@@GLIBC_2.2.5
                0x0000000000004450                lua_touserdata@@LUA_5.2
                0x0000000000004460                lua_setmetatable@@LUA_5.2
                0x0000000000004470                open@@GLIBC_2.2.5
                0x0000000000004480                luaL_ref@@LUA_5.2
                0x0000000000004490                lua_pushinteger@@LUA_5.2
                0x00000000000044a0                archive_write_data_block
                0x00000000000044b0                EVP_PKEY_CTX_new@@OPENSSL_1_1_0
                0x00000000000044c0                gnu_dev_minor@@GLIBC_2.3.3
                0x00000000000044d0                archive_read_support_format_all
                0x00000000000044e0                mkdtemp@@GLIBC_2.2.5
                0x00000000000044f0                snprintf@@GLIBC_2.2.5
                0x0000000000004500                pthread_exit@@GLIBC_2.2.5
                0x0000000000004510                luaL_setfuncs@@LUA_5.2
                0x0000000000004520                strchr@@GLIBC_2.2.5
                0x0000000000004530                fread@@GLIBC_2.2.5
                0x0000000000004540                luaL_pushresult@@LUA_5.2
                0x0000000000004550                setenv@@GLIBC_2.2.5
                0x0000000000004560                dup2@@GLIBC_2.2.5
                0x0000000000004570                lua_getglobal@@LUA_5.2
                0x0000000000004580                lua_isnumber@@LUA_5.2
                0x0000000000004590                CRYPTO_free@@OPENSSL_1_1_0
                0x00000000000045a0                lua_toboolean@@LUA_5.2
                0x00000000000045b0                lua_pcallk@@LUA_5.2
                0x00000000000045c0                archive_errno
                0x00000000000045d0                EVP_sha256@@OPENSSL_1_1_0
                0x00000000000045e0                realpath@@GLIBC_2.3
                0x00000000000045f0                gnu_dev_major@@GLIBC_2.3.3
                0x0000000000004600                lua_next@@LUA_5.2
                0x0000000000004610                BIO_free@@OPENSSL_1_1_0
                0x0000000000004620                lua_tonumberx@@LUA_5.2
                0x0000000000004630                archive_read_open_filename
                0x0000000000004640                inflate
                0x0000000000004650                strnlen@@GLIBC_2.2.5
                0x0000000000004660                lua_newuserdata@@LUA_5.2
                0x0000000000004670                fgets@@GLIBC_2.2.5
                0x0000000000004680                EVP_CIPHER_CTX_new@@OPENSSL_1_1_0
                0x0000000000004690                EVP_MD_CTX_free@@OPENSSL_1_1_0
                0x00000000000046a0                exit@@GLIBC_2.2.5
                0x00000000000046b0                lua_setfield@@LUA_5.2
                0x00000000000046c0                archive_read_support_filter_all
                0x00000000000046d0                _cmocka_run_group_tests
                0x00000000000046e0                uselocale@@GLIBC_2.3
                0x00000000000046f0                pthread_create@@GLIBC_2.2.5
                0x0000000000004700                archive_error_string
                0x0000000000004710                zmq_poll
                0x0000000000004720                lua_pushnil@@LUA_5.2
                0x0000000000004730                zmq_close
                0x0000000000004740                asprintf@@GLIBC_2.2.5
                0x0000000000004750                luaL_openlibs@@LUA_5.2
                0x0000000000004760                lua_pushcclosure@@LUA_5.2
                0x0000000000004770                sync@@GLIBC_2.2.5
                0x0000000000004780                zmq_ctx_new
                0x0000000000004790                sendto@@GLIBC_2.2.5
                0x00000000000047a0                EVP_CIPHER_CTX_free@@OPENSSL_1_1_0
                0x00000000000047b0                getenv@@GLIBC_2.2.5
                0x00000000000047c0                read@@GLIBC_2.2.5
                0x00000000000047d0                ERR_get_error@@OPENSSL_1_1_0
                0x00000000000047e0                strerror@@GLIBC_2.2.5
                0x00000000000047f0                zmq_msg_init
                0x0000000000004800                newlocale@@GLIBC_2.3
                0x0000000000004810                pthread_attr_setdetachstate@@GLIBC_2.2.5
                0x0000000000004820                strtoull@@GLIBC_2.2.5
                0x0000000000004830                zmq_msg_size
                0x0000000000004840                lua_pushstring@@LUA_5.2
                0x0000000000004850                luaL_checknumber@@LUA_5.2
                0x0000000000004860                fsync@@GLIBC_2.2.5
                0x0000000000004870                strcmp@@GLIBC_2.2.5
                0x0000000000004880                strtoul@@GLIBC_2.2.5
                0x0000000000004890                lua_gettable@@LUA_5.2
                0x00000000000048a0                pipe@@GLIBC_2.2.5
                0x00000000000048b0                calloc@@GLIBC_2.2.5
                0x00000000000048c0                EVP_DigestVerifyInit@@OPENSSL_1_1_0
                0x00000000000048d0                luaL_checkudata@@LUA_5.2
                0x00000000000048e0                archive_read_next_header
                0x00000000000048f0                EVP_DecryptFinal_ex@@OPENSSL_1_1_0
                0x0000000000004900                lua_close@@LUA_5.2
                0x0000000000004910                malloc@@GLIBC_2.2.5
                0x0000000000004920                EVP_aes_256_cbc@@OPENSSL_1_1_0
                0x0000000000004930                EVP_CIPHER_CTX_reset@@OPENSSL_1_1_0
                0x0000000000004940                luaL_checktype@@LUA_5.2
                0x0000000000004950                waitpid@@GLIBC_2.2.5
                0x0000000000004960                lua_settable@@LUA_5.2
                0x0000000000004970                lua_pushvalue@@LUA_5.2
                0x0000000000004980                archive_write_finish_entry
                0x0000000000004990                archive_read_data_block
                0x00000000000049a0                PEM_read_bio_PUBKEY@@OPENSSL_1_1_0
                0x00000000000049b0                BIO_read@@OPENSSL_1_1_0
                0x00000000000049c0                fork@@GLIBC_2.2.5
                0x00000000000049d0                EVP_MD_CTX_new@@OPENSSL_1_1_0
                0x00000000000049e0                __errno_location@@GLIBC_2.2.5
                0x00000000000049f0                _assert_int_equal
                0x0000000000004a00                archive_read_close
                0x0000000000004a10                ctime@@GLIBC_2.2.5
                0x0000000000004a20                write@@GLIBC_2.2.5
                0x0000000000004a30                sprintf@@GLIBC_2.2.5
                0x0000000000004a40                lua_pushboolean@@LUA_5.2
                0x0000000000004a50                lua_rawgeti@@LUA_5.2
                0x0000000000004a60                archive_write_disk_new
                0x0000000000004a70                EVP_DecryptUpdate@@OPENSSL_1_1_0
                0x0000000000004a80                dirname@@GLIBC_2.2.5
                0x0000000000004a90                zmq_msg_data
                0x0000000000004aa0                archive_write_free
                0x0000000000004ab0                CRYPTO_malloc@@OPENSSL_1_1_0
                0x0000000000004ac0                luaL_newstate@@LUA_5.2
                0x0000000000004ad0                zmq_msg_close
                0x0000000000004ae0                zmq_msg_recv
                0x0000000000004af0                archive_entry_pathname
                0x0000000000004b00                ERR_peek_error@@OPENSSL_1_1_0
                0x0000000000004b10                __xstat@@GLIBC_2.2.5
                0x0000000000004b20                lua_tolstring@@LUA_5.2
                0x0000000000004b30                getpid@@GLIBC_2.2.5
                0x0000000000004b40                ERR_clear_error@@OPENSSL_1_1_0
                0x0000000000004b50                zmq_ctx_destroy
                0x0000000000004b60                getline@@GLIBC_2.2.5
                0x0000000000004b70                EVP_DigestFinal_ex@@OPENSSL_1_1_0
                0x0000000000004b80                rename@@GLIBC_2.2.5
                0x0000000000004b90                inflateEnd
                0x0000000000004ba0                archive_read_new
                0x0000000000004bb0                fileno@@GLIBC_2.2.5
                0x0000000000004bc0                umount@@GLIBC_2.2.5
                0x0000000000004bd0                chdir@@GLIBC_2.2.5
                0x0000000000004be0                fopen@@GLIBC_2.2.5
                0x0000000000004bf0                pthread_join@@GLIBC_2.2.5
                0x0000000000004c00                zmq_connect
                0x0000000000004c10                lua_pushfstring@@LUA_5.2
                0x0000000000004c20                lua_typename@@LUA_5.2
                0x0000000000004c30                lua_insert@@LUA_5.2
                0x0000000000004c40                luaL_prepbuffsize@@LUA_5.2
                0x0000000000004c50                execl@@GLIBC_2.2.5
                0x0000000000004c60                EVP_DigestVerifyFinal@@OPENSSL_1_1_0
 *(SORT_BY_ALIGNMENT(.iplt))

.plt.got        0x0000000000004c70        0x8
 *(SORT_BY_ALIGNMENT(.plt.got))
 .plt.got       0x0000000000004c70        0x8 /usr/lib/gcc/x86_64-linux-gnu/10/../../../x86_64-linux-gnu/Scrt1.o
                0x0000000000004c70                __cxa_finalize@@GLIBC_2.2.5

.plt.sec
 *(SORT_BY_ALIGNMENT(.plt.sec))

.text           0x0000000000004c80     0xa0cc
 *(SORT_BY_ALIGNMENT(.text.unlikely) SORT_BY_ALIGNMENT(.text.*_unlikely) SORT_BY_ALIGNMENT(.text.unlikely.*))
 *(SORT_BY_ALIGNMENT(.text.exit) SORT_BY_ALIGNMENT(.text.exit.*))
 *(SORT_BY_ALIGNMENT(.text.startup) SORT_BY_ALIGNMENT(.text.startup.*))
 *(SORT_BY_ALIGNMENT(.text.hot) SORT_BY_ALIGNMENT(.text.hot.*))
 *(SORT_BY_NAME(SORT_BY_ALIGNMENT(.text.sorted.*)))
 *(SORT_BY_ALIGNMENT(.text) SORT_BY_ALIGNMENT(.stub) SORT_BY_ALIGNMENT(.text.*) SORT_BY_ALIGNMENT(.gnu.linkonce.t.*))
 .text          0x0000000000004c80       0x2b /usr/lib/gcc/x86_64-linux-gnu/10/../../../x86_64-linux-gnu/Scrt1.o
                0x0000000000004c80                _start
 *fill*         0x0000000000004cab        0x5 
 .text          0x0000000000004cb0       0xb5 /usr/lib/gcc/x86_64-linux-gnu/10/crtbeginS.o
 *fill*         0x0000000000004d65        0xb 
 .text          0x0000000000004d70       0x61 /usr/lib/x86_64-linux-gnu/libc_nonshared.a(elf-init.oS)
                0x0000000000004d70                __libc_csu_init
                0x0000000000004dd0                __libc_csu_fini
 *fill*         0x0000000000004dd1        0xf 
 .text          0x0000000000004de0       0x10 /usr/lib/x86_64-linux-gnu/libc_nonshared.a(stat.oS)
                0x0000000000004de0                stat
                0x0000000000004de0                __stat
 .text.test_verify_pkcs15
                0x0000000000004df0       0x73 test/test_verify.o
 .text.main     0x0000000000004e63       0x1d test/test_verify.o
                0x0000000000004e63                main
 .text.get_swupdate_cfg
                0x0000000000004e80        0x8 core/built-in.o.tmp
                0x0000000000004e80                get_swupdate_cfg
 .text.copy_write
                0x0000000000004e88      0x19a core/built-in.o.tmp
                0x0000000000004e88                copy_write
 .text.decrypt_step
                0x0000000000005022       0xe2 core/built-in.o.tmp
 .text.fill_buffer
                0x0000000000005104      0x14b core/built-in.o.tmp
 .text.__swupdate_copy
                0x000000000000524f      0x75b core/built-in.o.tmp
 .text.input_step
                0x00000000000059aa       0x8e core/built-in.o.tmp
 .text.gunzip_step
                0x0000000000005a38      0x116 core/built-in.o.tmp
 .text.copyfile
                0x0000000000005b4e       0x39 core/built-in.o.tmp
                0x0000000000005b4e                copyfile
 .text.copyimage
                0x0000000000005b87       0x5b core/built-in.o.tmp
                0x0000000000005b87                copyimage
 .text.notify   0x0000000000005be2       0xed core/built-in.o.tmp
                0x0000000000005be2                notify
 .text.register_handler
                0x0000000000005ccf       0xd3 core/built-in.o.tmp
                0x0000000000005ccf                register_handler
 .text.find_handler
                0x0000000000005da2       0x6e core/built-in.o.tmp
                0x0000000000005da2                find_handler
 .text.get_next_handler
                0x0000000000005e10       0x49 core/built-in.o.tmp
                0x0000000000005e10                get_next_handler
 .text.register_bootloader
                0x0000000000005e59       0x5e core/built-in.o.tmp
                0x0000000000005e59                register_bootloader
 .text.filter_slave
                0x0000000000005eb7       0x31 core/built-in.o.tmp
 .text.get_root_containerized_fs
                0x0000000000005ee8       0x76 core/built-in.o.tmp
 .text.getroot_abs_path
                0x0000000000005f5e      0x101 core/built-in.o.tmp
 .text.get_root_from_partitions
                0x000000000000605f      0x10d core/built-in.o.tmp
 .text.check_free_space
                0x000000000000616c      0x13d core/built-in.o.tmp
 .text.get_tmpdir
                0x00000000000062a9       0x77 core/built-in.o.tmp
                0x00000000000062a9                get_tmpdir
 .text.get_tmpdirscripts
                0x0000000000006320       0x4d core/built-in.o.tmp
                0x0000000000006320                get_tmpdirscripts
 .text.openfileoutput
                0x000000000000636d       0xb6 core/built-in.o.tmp
                0x000000000000636d                openfileoutput
 .text.mkpath   0x0000000000006423       0x89 core/built-in.o.tmp
                0x0000000000006423                mkpath
 .text.get_hw_revision
                0x00000000000064ac      0x1c7 core/built-in.o.tmp
                0x00000000000064ac                get_hw_revision
 .text.from_ascii
                0x0000000000006673      0x1f4 core/built-in.o.tmp
                0x0000000000006673                from_ascii
 .text.ascii_to_bin
                0x0000000000006867       0x74 core/built-in.o.tmp
                0x0000000000006867                ascii_to_bin
 .text.ascii_to_hash
                0x00000000000068db        0xd core/built-in.o.tmp
                0x00000000000068db                ascii_to_hash
 .text.hash_to_ascii
                0x00000000000068e8       0x41 core/built-in.o.tmp
                0x00000000000068e8                hash_to_ascii
 .text.IsValidHash
                0x0000000000006929       0x21 core/built-in.o.tmp
                0x0000000000006929                IsValidHash
 .text.get_aes_key
                0x000000000000694a        0x8 core/built-in.o.tmp
                0x000000000000694a                get_aes_key
 .text.get_aes_keylen
                0x0000000000006952       0x12 core/built-in.o.tmp
                0x0000000000006952                get_aes_keylen
 .text.get_aes_ivt
                0x0000000000006964       0x11 core/built-in.o.tmp
                0x0000000000006964                get_aes_ivt
 .text.string_split
                0x0000000000006975       0xc7 core/built-in.o.tmp
                0x0000000000006975                string_split
 .text.count_string_array
                0x0000000000006a3c       0x14 core/built-in.o.tmp
                0x0000000000006a3c                count_string_array
 .text.free_string_array
                0x0000000000006a50       0x2d core/built-in.o.tmp
                0x0000000000006a50                free_string_array
 .text.ustrtoull
                0x0000000000006a7d       0xd1 core/built-in.o.tmp
                0x0000000000006a7d                ustrtoull
 .text.strtobool
                0x0000000000006b4e       0x42 core/built-in.o.tmp
                0x0000000000006b4e                strtobool
 .text.swupdate_mount
                0x0000000000006b90        0xa core/built-in.o.tmp
                0x0000000000006b90                swupdate_mount
 .text.swupdate_umount
                0x0000000000006b9a        0x5 core/built-in.o.tmp
                0x0000000000006b9a                swupdate_umount
 .text.get_root_device
                0x0000000000006b9f      0x2b9 core/built-in.o.tmp
                0x0000000000006b9f                get_root_device
 .text.read_lines_notify
                0x0000000000006e58      0x1bb core/built-in.o.tmp
                0x0000000000006e58                read_lines_notify
 .text.get_output_size
                0x0000000000007013      0x2a9 core/built-in.o.tmp
                0x0000000000007013                get_output_size
 .text.img_check_free_space
                0x00000000000072bc       0x2f core/built-in.o.tmp
                0x00000000000072bc                img_check_free_space
 .text.run_system_cmd
                0x00000000000072eb      0x70d core/built-in.o.tmp
                0x00000000000072eb                run_system_cmd
 .text.get_install_swset
                0x00000000000079f8       0x1d core/built-in.o.tmp
                0x00000000000079f8                get_install_swset
 .text.get_install_running_mode
                0x0000000000007a15       0x1d core/built-in.o.tmp
                0x0000000000007a15                get_install_running_mode
 .text.send_progress_msg
                0x0000000000007a32       0xb6 core/built-in.o.tmp
 .text.swupdate_progress_update
                0x0000000000007ae8       0x42 core/built-in.o.tmp
                0x0000000000007ae8                swupdate_progress_update
 .text.insert_entry
                0x0000000000007b2a       0x5e core/built-in.o.tmp
 .text.insert_list_elem
                0x0000000000007b88       0x50 core/built-in.o.tmp
 .text.get_entry.isra.0
                0x0000000000007bd8       0x2e core/built-in.o.tmp
 .text.remove_entry
                0x0000000000007c06       0x6e core/built-in.o.tmp
 .text.dict_entry_get_key
                0x0000000000007c74        0xc core/built-in.o.tmp
                0x0000000000007c74                dict_entry_get_key
 .text.dict_entry_get_value
                0x0000000000007c80       0x15 core/built-in.o.tmp
                0x0000000000007c80                dict_entry_get_value
 .text.dict_get_value
                0x0000000000007c95       0x1c core/built-in.o.tmp
                0x0000000000007c95                dict_get_value
 .text.dict_insert_value
                0x0000000000007cb1       0x51 core/built-in.o.tmp
                0x0000000000007cb1                dict_insert_value
 .text.dict_set_value
                0x0000000000007d02       0x4f core/built-in.o.tmp
                0x0000000000007d02                dict_set_value
 .text.dict_remove
                0x0000000000007d51       0x19 core/built-in.o.tmp
                0x0000000000007d51                dict_remove
 .text.dict_drop_db
                0x0000000000007d6a       0x1d core/built-in.o.tmp
                0x0000000000007d6a                dict_drop_db
 .text.dict_parse_script
                0x0000000000007d87      0x20d core/built-in.o.tmp
                0x0000000000007d87                dict_parse_script
 .text.strlcpy  0x0000000000007f94       0x3d core/built-in.o.tmp
                0x0000000000007f94                strlcpy
 .text.install_nothing
                0x0000000000007fd1       0xc5 handlers/built-in.o
 .text.dummy_handler
                0x0000000000008096       0x1a handlers/built-in.o
                0x0000000000008096                dummy_handler
 .text.install_archive_image
                0x00000000000080b0      0xadd handlers/built-in.o
 .text.extract  0x0000000000008b8d      0x83f handlers/built-in.o
 .text.archive_handler
                0x00000000000093cc       0x1a handlers/built-in.o
                0x00000000000093cc                archive_handler
 .text.untar_handler
                0x00000000000093e6       0x1a handlers/built-in.o
                0x00000000000093e6                untar_handler
 .text.start_lua_script
                0x0000000000009400      0x10a handlers/built-in.o
 .text.lua_handler
                0x000000000000950a       0x1a handlers/built-in.o
 .text.blkprotect
                0x0000000000009524      0x267 handlers/built-in.o
 .text.install_raw_image
                0x000000000000978b       0xe6 handlers/built-in.o
 .text.install_raw_file
                0x0000000000009871      0x7b1 handlers/built-in.o
 .text.raw_image_handler
                0x000000000000a022       0x1a handlers/built-in.o
                0x000000000000a022                raw_image_handler
 .text.raw_file_handler
                0x000000000000a03c       0x1a handlers/built-in.o
                0x000000000000a03c                raw_file_handler
 .text.RHset_command
                0x000000000000a056       0x40 handlers/built-in.o
 .text.RHmsg_send_cmd
                0x000000000000a096       0x40 handlers/built-in.o
 .text.RHmsg_get_ack
                0x000000000000a0d6      0x19c handlers/built-in.o
 .text.install_remote_image
                0x000000000000a272      0x251 handlers/built-in.o
 .text.forward_data
                0x000000000000a4c3       0x7c handlers/built-in.o
 .text.remote_handler
                0x000000000000a53f       0x1a handlers/built-in.o
                0x000000000000a53f                remote_handler
 .text.execute_shell_script
                0x000000000000a559      0x15b handlers/built-in.o
 .text.start_shell_script
                0x000000000000a6b4       0x2f handlers/built-in.o
 .text.start_preinstall_script
                0x000000000000a6e3       0x1f handlers/built-in.o
 .text.start_postinstall_script
                0x000000000000a702       0x1f handlers/built-in.o
 .text.shell_handler
                0x000000000000a721       0x1a handlers/built-in.o
 .text.shell_preinstall_handler
                0x000000000000a73b       0x1a handlers/built-in.o
 .text.shell_postinstall_handler
                0x000000000000a755       0x1a handlers/built-in.o
 .text.do_apply_list
                0x000000000000a76f        0xf bootloader/built-in.o
 .text.do_env_get
                0x000000000000a77e       0x22 bootloader/built-in.o
 .text.do_env_unset
                0x000000000000a7a0       0x14 bootloader/built-in.o
 .text.do_env_set
                0x000000000000a7b4       0x17 bootloader/built-in.o
 .text.none_probe
                0x000000000000a7cb       0x13 bootloader/built-in.o
 .text.lua_dump_table
                0x000000000000a7de      0x3e7 corelib/lib.a(lua_interface.o)
 .text.push_st_mode
                0x000000000000abc5       0xad corelib/lib.a(lua_interface.o)
 .text.push_st_blksize
                0x000000000000ac72        0x9 corelib/lib.a(lua_interface.o)
 .text.push_st_blocks
                0x000000000000ac7b        0x9 corelib/lib.a(lua_interface.o)
 .text.push_st_size
                0x000000000000ac84        0x9 corelib/lib.a(lua_interface.o)
 .text.push_st_gid
                0x000000000000ac8d        0x8 corelib/lib.a(lua_interface.o)
 .text.push_st_uid
                0x000000000000ac95        0x8 corelib/lib.a(lua_interface.o)
 .text.push_st_nlink
                0x000000000000ac9d        0x9 corelib/lib.a(lua_interface.o)
 .text.push_st_ino
                0x000000000000aca6        0x9 corelib/lib.a(lua_interface.o)
 .text.l_progress_update
                0x000000000000acaf       0x19 corelib/lib.a(lua_interface.o)
 .text.l_get_tmpdir
                0x000000000000acc8       0x25 corelib/lib.a(lua_interface.o)
 .text.l_get_tmpdir_scripts
                0x000000000000aced       0x25 corelib/lib.a(lua_interface.o)
 .text.lua_push_enum
                0x000000000000ad12       0x29 corelib/lib.a(lua_interface.o)
 .text.lua_string_to_img
                0x000000000000ad3b      0x381 corelib/lib.a(lua_interface.o)
 .text.l_istream_fclose
                0x000000000000b0bc       0x12 corelib/lib.a(lua_interface.o)
 .text.istream_read_callback
                0x000000000000b0ce      0x1bd corelib/lib.a(lua_interface.o)
 .text.lua_notify_progress
                0x000000000000b28b       0x33 corelib/lib.a(lua_interface.o)
                0x000000000000b28b                lua_notify_progress
 .text.l_register_handler
                0x000000000000b2be      0x1af corelib/lib.a(lua_interface.o)
 .text.l_get_selection
                0x000000000000b46d       0x58 corelib/lib.a(lua_interface.o)
 .text.l_get_bootenv
                0x000000000000b4c5       0x62 corelib/lib.a(lua_interface.o)
 .text.l_notify
                0x000000000000b527       0x86 corelib/lib.a(lua_interface.o)
 .text.l_set_bootenv
                0x000000000000b5ad       0x80 corelib/lib.a(lua_interface.o)
 .text.l_get_hw
                0x000000000000b62d       0x94 corelib/lib.a(lua_interface.o)
 .text.getroot_dev_path
                0x000000000000b6c1       0xac corelib/lib.a(lua_interface.o)
 .text.l_getroot
                0x000000000000b76d      0x1f2 corelib/lib.a(lua_interface.o)
 .text.l_umount
                0x000000000000b95f       0xff corelib/lib.a(lua_interface.o)
 .text.l_stat   0x000000000000ba5e       0x9a corelib/lib.a(lua_interface.o)
 .text.l_mount  0x000000000000baf8      0x20b corelib/lib.a(lua_interface.o)
 .text.notify_helper
                0x000000000000bd03      0x2ce corelib/lib.a(lua_interface.o)
 .text.lua_notify_trace
                0x000000000000bfd1        0xa corelib/lib.a(lua_interface.o)
                0x000000000000bfd1                lua_notify_trace
 .text.lua_notify_error
                0x000000000000bfdb        0xa corelib/lib.a(lua_interface.o)
                0x000000000000bfdb                lua_notify_error
 .text.lua_notify_info
                0x000000000000bfe5        0xa corelib/lib.a(lua_interface.o)
                0x000000000000bfe5                lua_notify_info
 .text.lua_notify_warn
                0x000000000000bfef        0xa corelib/lib.a(lua_interface.o)
                0x000000000000bfef                lua_notify_warn
 .text.lua_notify_debug
                0x000000000000bff9        0xa corelib/lib.a(lua_interface.o)
                0x000000000000bff9                lua_notify_debug
 .text.lua_get_swupdate_version
                0x000000000000c003       0xe5 corelib/lib.a(lua_interface.o)
                0x000000000000c003                lua_get_swupdate_version
 .text.push_st_perm
                0x000000000000c0e8       0x82 corelib/lib.a(lua_interface.o)
 .text.push_st_ctime
                0x000000000000c16a       0x19 corelib/lib.a(lua_interface.o)
 .text.push_st_mtime
                0x000000000000c183       0x19 corelib/lib.a(lua_interface.o)
 .text.push_st_atime
                0x000000000000c19c       0x19 corelib/lib.a(lua_interface.o)
 .text.push_device
                0x000000000000c1b5       0x73 corelib/lib.a(lua_interface.o)
 .text.push_st_rdev
                0x000000000000c228        0x9 corelib/lib.a(lua_interface.o)
 .text.push_st_dev
                0x000000000000c231        0x8 corelib/lib.a(lua_interface.o)
 .text.is_type.constprop.0
                0x000000000000c239       0x38 corelib/lib.a(lua_interface.o)
 .text.update_table
                0x000000000000c271      0x643 corelib/lib.a(lua_interface.o)
 .text.image2table
                0x000000000000c8b4      0x1a5 corelib/lib.a(lua_interface.o)
 .text.l_handler_wrapper
                0x000000000000ca59      0x316 corelib/lib.a(lua_interface.o)
 .text.l_other_handler_wrapper
                0x000000000000cd6f        0x7 corelib/lib.a(lua_interface.o)
 .text.l_script_handler_wrapper
                0x000000000000cd76        0xe corelib/lib.a(lua_interface.o)
 .text.table2image
                0x000000000000cd84      0x3c4 corelib/lib.a(lua_interface.o)
 .text.l_call_handler
                0x000000000000d148      0x197 corelib/lib.a(lua_interface.o)
 .text.l_istream_read
                0x000000000000d2df      0x17c corelib/lib.a(lua_interface.o)
 .text.l_copy2file
                0x000000000000d45b      0x1b9 corelib/lib.a(lua_interface.o)
 .text.luaopen_swupdate
                0x000000000000d614      0x2a5 corelib/lib.a(lua_interface.o)
 .text.LUAstackDump
                0x000000000000d8b9      0x1eb corelib/lib.a(lua_interface.o)
                0x000000000000d8b9                LUAstackDump
 .text.run_lua_script
                0x000000000000daa4      0x35b corelib/lib.a(lua_interface.o)
                0x000000000000daa4                run_lua_script
 .text.swupdate_DECRYPT_init
                0x000000000000ddff      0x29c corelib/lib.a(swupdate_decrypt.o)
                0x000000000000ddff                swupdate_DECRYPT_init
 .text.swupdate_DECRYPT_update
                0x000000000000e09b       0xde corelib/lib.a(swupdate_decrypt.o)
                0x000000000000e09b                swupdate_DECRYPT_update
 .text.swupdate_DECRYPT_final
                0x000000000000e179       0xed corelib/lib.a(swupdate_decrypt.o)
                0x000000000000e179                swupdate_DECRYPT_final
 .text.swupdate_DECRYPT_cleanup
                0x000000000000e266       0x1c corelib/lib.a(swupdate_decrypt.o)
                0x000000000000e266                swupdate_DECRYPT_cleanup
 .text.load_pubkey
                0x000000000000e282      0x164 corelib/lib.a(swupdate_rsa_verify.o)
                0x000000000000e282                load_pubkey
 .text.swupdate_verify_file
                0x000000000000e3e6      0x517 corelib/lib.a(swupdate_rsa_verify.o)
                0x000000000000e3e6                swupdate_verify_file
 .text.dgst_init
                0x000000000000e8fd       0xdd corelib/lib.a(verify_signature.o)
                0x000000000000e8fd                dgst_init
 .text.swupdate_HASH_init
                0x000000000000e9da      0x108 corelib/lib.a(verify_signature.o)
                0x000000000000e9da                swupdate_HASH_init
 .text.swupdate_HASH_update
                0x000000000000eae2       0x23 corelib/lib.a(verify_signature.o)
                0x000000000000eae2                swupdate_HASH_update
 .text.swupdate_HASH_final
                0x000000000000eb05       0x14 corelib/lib.a(verify_signature.o)
                0x000000000000eb05                swupdate_HASH_final
 .text.swupdate_HASH_cleanup
                0x000000000000eb19       0x1c corelib/lib.a(verify_signature.o)
                0x000000000000eb19                swupdate_HASH_cleanup
 .text.swupdate_HASH_compare
                0x000000000000eb35       0x1a corelib/lib.a(verify_signature.o)
                0x000000000000eb35                swupdate_HASH_compare
 .text.swupdate_dgst_init
                0x000000000000eb4f      0x1fd corelib/lib.a(verify_signature.o)
                0x000000000000eb4f                swupdate_dgst_init
 *(SORT_BY_ALIGNMENT(.gnu.warning))

.fini           0x000000000000ed4c        0x9
 *(SORT_NONE(.fini))
 .fini          0x000000000000ed4c        0x4 /usr/lib/gcc/x86_64-linux-gnu/10/../../../x86_64-linux-gnu/crti.o
                0x000000000000ed4c                _fini
 .fini          0x000000000000ed50        0x5 /usr/lib/gcc/x86_64-linux-gnu/10/../../../x86_64-linux-gnu/crtn.o
                [!provide]                        PROVIDE (__etext = .)
                [!provide]                        PROVIDE (_etext = .)
                [!provide]                        PROVIDE (etext = .)
                0x000000000000f000                . = ALIGN (CONSTANT (MAXPAGESIZE))
                0x000000000000f000                . = SEGMENT_START ("rodata-segment", (ALIGN (CONSTANT (MAXPAGESIZE)) + (. & (CONSTANT (MAXPAGESIZE) - 0x1))))

.rodata         0x000000000000f000     0x3c00
 *(SORT_BY_ALIGNMENT(.rodata) SORT_BY_ALIGNMENT(.rodata.*) SORT_BY_ALIGNMENT(.gnu.linkonce.r.*))
 .rodata.__func__.0
                0x000000000000f000      0x1b2 core/built-in.o.tmp
 *fill*         0x000000000000f1b2        0xe 
 .rodata.__func__.1
                0x000000000000f1c0       0xf1 core/built-in.o.tmp
 *fill*         0x000000000000f2b1        0xf 
 .rodata.__func__.2
                0x000000000000f2c0      0x105 core/built-in.o.tmp
 *fill*         0x000000000000f3c5        0xb 
 .rodata.__func__.5
                0x000000000000f3d0       0x40 core/built-in.o.tmp
 .rodata.__func__.6
                0x000000000000f410       0x57 core/built-in.o.tmp
 *fill*         0x000000000000f467        0x9 
 .rodata.__func__.7
                0x000000000000f470       0x45 core/built-in.o.tmp
 *fill*         0x000000000000f4b5        0xb 
 .rodata.__func__.4
                0x000000000000f4c0       0x74 core/built-in.o.tmp
 *fill*         0x000000000000f534        0xc 
 .rodata.__func__.8
                0x000000000000f540       0x32 core/built-in.o.tmp
 *fill*         0x000000000000f572        0xe 
 .rodata.__func__.9
                0x000000000000f580       0x1f core/built-in.o.tmp
 *fill*         0x000000000000f59f        0x1 
 .rodata.__func__.0
                0x000000000000f5a0       0xa5 handlers/built-in.o
 *fill*         0x000000000000f645        0xb 
 .rodata.__func__.1
                0x000000000000f650       0x35 handlers/built-in.o
 *fill*         0x000000000000f685        0xb 
 .rodata.__func__.2
                0x000000000000f690       0x32 handlers/built-in.o
 *fill*         0x000000000000f6c2        0xe 
 .rodata.cst16  0x000000000000f6d0       0x20 handlers/built-in.o
 .rodata.__func__.9
                0x000000000000f6f0       0x12 corelib/lib.a(lua_interface.o)
 *fill*         0x000000000000f702        0xe 
 .rodata.__func__.10
                0x000000000000f710       0x13 corelib/lib.a(lua_interface.o)
 *fill*         0x000000000000f723        0xd 
 .rodata.__func__.11
                0x000000000000f730       0x16 corelib/lib.a(lua_interface.o)
 *fill*         0x000000000000f746        0xa 
 .rodata.__func__.12
                0x000000000000f750       0x12 corelib/lib.a(lua_interface.o)
 *fill*         0x000000000000f762        0xe 
 .rodata.cst16  0x000000000000f770       0x10 corelib/lib.a(lua_interface.o)
 .rodata.__func__.0
                0x000000000000f780       0x17 corelib/lib.a(swupdate_decrypt.o)
 *fill*         0x000000000000f797        0x9 
 .rodata.__func__.1
                0x000000000000f7a0       0x18 corelib/lib.a(swupdate_decrypt.o)
 *fill*         0x000000000000f7b8        0x8 
 .rodata.__func__.2
                0x000000000000f7c0       0x16 corelib/lib.a(swupdate_decrypt.o)
 *fill*         0x000000000000f7d6        0xa 
 .rodata.__func__.2
                0x000000000000f7e0       0x11 corelib/lib.a(swupdate_rsa_verify.o)
 *fill*         0x000000000000f7f1        0xf 
 .rodata.__func__.3
                0x000000000000f800       0x15 corelib/lib.a(swupdate_rsa_verify.o)
 *fill*         0x000000000000f815        0xb 
 .rodata.__func__.0
                0x000000000000f820       0x13 corelib/lib.a(verify_signature.o)
 *fill*         0x000000000000f833        0xd 
 .rodata.__func__.1
                0x000000000000f840       0x13 corelib/lib.a(verify_signature.o)
 *fill*         0x000000000000f853        0x5 
 .rodata.__func__.5
                0x000000000000f858        0xe corelib/lib.a(lua_interface.o)
 *fill*         0x000000000000f866        0x2 
 .rodata.__func__.6
                0x000000000000f868        0x8 corelib/lib.a(lua_interface.o)
 .rodata.__func__.7
                0x000000000000f870        0x9 corelib/lib.a(lua_interface.o)
 *fill*         0x000000000000f879        0x7 
 .rodata.__func__.8
                0x000000000000f880        0xc corelib/lib.a(lua_interface.o)
 *fill*         0x000000000000f88c        0x4 
 .rodata.__func__.13
                0x000000000000f890        0xf corelib/lib.a(lua_interface.o)
 *fill*         0x000000000000f89f        0x1 
 .rodata.__func__.14
                0x000000000000f8a0        0xf corelib/lib.a(lua_interface.o)
 *fill*         0x000000000000f8af        0x1 
 .rodata.__func__.15
                0x000000000000f8b0        0xd corelib/lib.a(lua_interface.o)
 *fill*         0x000000000000f8bd        0x3 
 .rodata.cst8   0x000000000000f8c0       0x18 corelib/lib.a(lua_interface.o)
 .rodata.__func__.0
                0x000000000000f8d8        0xd corelib/lib.a(swupdate_rsa_verify.o)
 *fill*         0x000000000000f8e5        0x3 
 .rodata.__func__.1
                0x000000000000f8e8        0xe corelib/lib.a(swupdate_rsa_verify.o)
 *fill*         0x000000000000f8f6        0x2 
 .rodata.__func__.4
                0x000000000000f8f8        0xc corelib/lib.a(swupdate_rsa_verify.o)
 *fill*         0x000000000000f904        0x4 
 .rodata.__func__.2
                0x000000000000f908        0xa corelib/lib.a(verify_signature.o)
 *fill*         0x000000000000f912        0x2 
 .rodata.LUAstackDump
                0x000000000000f914       0x18 corelib/lib.a(lua_interface.o)
 .rodata.test_verify_pkcs15.str1.1
                0x000000000000f92c       0x5b test/test_verify.o
 .rodata.main.str1.1
                0x000000000000f987        0x7 test/test_verify.o
 .rodata.str1.1
                0x000000000000f98e       0x13 test/test_verify.o
 .rodata.copy_write.str1.1
                0x000000000000f9a1       0xc4 core/built-in.o.tmp
 .rodata.fill_buffer.str1.1
                0x000000000000fa65       0x4f core/built-in.o.tmp
 .rodata.__swupdate_copy.str1.1
                0x000000000000fab4      0x2b7 core/built-in.o.tmp
 .rodata.gunzip_step.str1.1
                0x000000000000fd6b       0x57 core/built-in.o.tmp
 .rodata.filter_slave.str1.1
                0x000000000000fdc2       0x57 core/built-in.o.tmp
                                          0x5 (size before relaxing)
 .rodata.get_root_containerized_fs.str1.1
                0x000000000000fdc2       0x1c core/built-in.o.tmp
 .rodata.getroot_abs_path.str1.1
                0x000000000000fdde        0x6 core/built-in.o.tmp
 .rodata.get_root_from_partitions.str1.1
                0x000000000000fde4       0x21 core/built-in.o.tmp
                                         0x25 (size before relaxing)
 .rodata.check_free_space.str1.1
                0x000000000000fe05      0x11c core/built-in.o.tmp
 .rodata.get_tmpdir.str1.1
                0x000000000000ff21       0x11 core/built-in.o.tmp
 .rodata.get_tmpdirscripts.str1.1
                0x000000000000ff32        0xe core/built-in.o.tmp
                                         0x1c (size before relaxing)
 .rodata.openfileoutput.str1.1
                0x000000000000ff40       0x45 core/built-in.o.tmp
 .rodata.get_hw_revision.str1.1
                0x000000000000ff85       0x97 core/built-in.o.tmp
 .rodata.from_ascii.str1.1
                0x000000000001001c       0xac core/built-in.o.tmp
 .rodata.hash_to_ascii.str1.1
                0x00000000000100c8        0x5 core/built-in.o.tmp
 .rodata.strtobool.str1.1
                0x00000000000100cd        0xa core/built-in.o.tmp
 .rodata.get_root_device.str1.1
                0x00000000000100d7       0x5a core/built-in.o.tmp
 .rodata.read_lines_notify.str1.1
                0x0000000000010131       0x2d core/built-in.o.tmp
                                         0x30 (size before relaxing)
 .rodata.get_output_size.str1.1
                0x000000000001015e      0x2bf core/built-in.o.tmp
 .rodata.start_swupdate_subprocess.str1.1
                0x000000000001041d      0x268 core/built-in.o.tmp
 .rodata.run_system_cmd.str1.1
                0x0000000000010685      0x228 core/built-in.o.tmp
                                        0x258 (size before relaxing)
 .rodata.dict_parse_script.str1.1
                0x00000000000108ad       0xfa core/built-in.o.tmp
                                         0xfd (size before relaxing)
 .rodata.install_nothing.str1.1
                0x00000000000109a7       0x30 handlers/built-in.o
 .rodata.dummy_handler.str1.1
                0x00000000000109d7        0x6 handlers/built-in.o
 .rodata.install_archive_image.str1.1
                0x00000000000109dd      0x5f5 handlers/built-in.o
                                        0x606 (size before relaxing)
 .rodata.extract.str1.1
                0x0000000000010fd2      0x31c handlers/built-in.o
                                        0x31d (size before relaxing)
 .rodata.archive_handler.str1.1
                0x00000000000112ee        0x8 handlers/built-in.o
 .rodata.untar_handler.str1.1
                0x00000000000112f6        0x4 handlers/built-in.o
 .rodata.start_lua_script.str1.1
                0x00000000000112fa       0x27 handlers/built-in.o
                                         0x2c (size before relaxing)
 .rodata.lua_handler.str1.1
                0x0000000000011321        0x4 handlers/built-in.o
 .rodata.blkprotect.str1.1
                0x0000000000011325       0x9c handlers/built-in.o
                                         0xa2 (size before relaxing)
 .rodata.install_raw_image.str1.1
                0x00000000000113c1       0x26 handlers/built-in.o
 .rodata.install_raw_file.str1.1
                0x00000000000113c1      0x1fe handlers/built-in.o
                                        0x3a6 (size before relaxing)
 .rodata.raw_image_handler.str1.1
                0x00000000000115bf        0x4 handlers/built-in.o
 .rodata.raw_file_handler.str1.1
                0x00000000000115c3        0x8 handlers/built-in.o
 .rodata.RHmsg_get_ack.str1.1
                0x00000000000115cb       0x87 handlers/built-in.o
 .rodata.install_remote_image.str1.1
                0x0000000000011652       0xcc handlers/built-in.o
 .rodata.forward_data.str1.1
                0x000000000001171e        0x5 handlers/built-in.o
 .rodata.remote_handler.str1.1
                0x0000000000011723        0x7 handlers/built-in.o
 .rodata.execute_shell_script.str1.1
                0x000000000001172a       0x8d handlers/built-in.o
                                         0x9b (size before relaxing)
 .rodata.start_shell_script.str1.1
                0x00000000000117b7        0x8 handlers/built-in.o
 .rodata.start_preinstall_script.str1.1
                0x00000000000117b7        0x1 handlers/built-in.o
 .rodata.shell_handler.str1.1
                0x00000000000117b7        0xc handlers/built-in.o
 .rodata.shell_preinstall_handler.str1.1
                0x00000000000117c3        0xb handlers/built-in.o
 .rodata.shell_postinstall_handler.str1.1
                0x00000000000117ce        0xc handlers/built-in.o
 .rodata.none_probe.str1.1
                0x00000000000117da        0x5 bootloader/built-in.o
 .rodata.lua_dump_table.str1.1
                0x00000000000117da       0x92 corelib/lib.a(lua_interface.o)
                                         0x9a (size before relaxing)
 .rodata.push_st_mode.str1.1
                0x000000000001186c       0x40 corelib/lib.a(lua_interface.o)
                                         0x4f (size before relaxing)
 .rodata.lua_string_to_img.str1.1
                0x00000000000118ac      0x12c corelib/lib.a(lua_interface.o)
                                        0x147 (size before relaxing)
 .rodata.istream_read_callback.str1.1
                0x00000000000119d8       0xd6 corelib/lib.a(lua_interface.o)
 .rodata.l_register_handler.str1.1
                0x0000000000011aae      0x11a corelib/lib.a(lua_interface.o)
 .rodata.l_set_bootenv.str1.1
                0x0000000000011bc8        0x1 corelib/lib.a(lua_interface.o)
 .rodata.l_get_hw.str1.1
                0x0000000000011bc8        0xa corelib/lib.a(lua_interface.o)
                                         0x13 (size before relaxing)
 .rodata.l_getroot.str1.1
                0x0000000000011bd2       0x5b corelib/lib.a(lua_interface.o)
                                         0x60 (size before relaxing)
 .rodata.l_umount.str1.1
                0x0000000000011c2d       0x49 corelib/lib.a(lua_interface.o)
 .rodata.l_mount.str1.1
                0x0000000000011c76       0xa2 corelib/lib.a(lua_interface.o)
                                         0xab (size before relaxing)
 .rodata.notify_helper.str1.1
                0x0000000000011d18       0x63 corelib/lib.a(lua_interface.o)
                                         0x90 (size before relaxing)
 .rodata.lua_get_swupdate_version.str1.1
                0x0000000000011d7b       0x1d corelib/lib.a(lua_interface.o)
 .rodata.push_device.str1.1
                0x0000000000011d98        0xc corelib/lib.a(lua_interface.o)
 .rodata.is_type.constprop.0.str1.1
                0x0000000000011da4       0x12 corelib/lib.a(lua_interface.o)
 .rodata.update_table.str1.1
                0x0000000000011db6       0x93 corelib/lib.a(lua_interface.o)
                                         0x9f (size before relaxing)
 .rodata.image2table.str1.1
                0x0000000000011e49       0x42 corelib/lib.a(lua_interface.o)
                                         0x44 (size before relaxing)
 .rodata.l_handler_wrapper.str1.1
                0x0000000000011e8b      0x14a corelib/lib.a(lua_interface.o)
                                        0x15b (size before relaxing)
 .rodata.l_call_handler.str1.1
                0x0000000000011fd5       0x3a corelib/lib.a(lua_interface.o)
 .rodata.l_istream_read.str1.1
                0x000000000001200f       0x30 corelib/lib.a(lua_interface.o)
 .rodata.luaopen_swupdate.str1.1
                0x000000000001203f       0xda corelib/lib.a(lua_interface.o)
                                         0xe2 (size before relaxing)
 .rodata.LUAstackDump.str1.1
                0x0000000000012119       0x96 corelib/lib.a(lua_interface.o)
 .rodata.run_lua_script.str1.1
                0x00000000000121af      0x162 corelib/lib.a(lua_interface.o)
 .rodata.str1.1
                0x0000000000012311      0x108 corelib/lib.a(lua_interface.o)
                                        0x117 (size before relaxing)
 .rodata.swupdate_DECRYPT_init.str1.1
                0x0000000000012419      0x1bd corelib/lib.a(swupdate_decrypt.o)
                                        0x1c5 (size before relaxing)
 .rodata.swupdate_DECRYPT_update.str1.1
                0x00000000000125d6       0x73 corelib/lib.a(swupdate_decrypt.o)
 .rodata.swupdate_DECRYPT_final.str1.1
                0x0000000000012649       0x71 corelib/lib.a(swupdate_decrypt.o)
 .rodata.load_pubkey.str1.1
                0x00000000000126ba       0xd3 corelib/lib.a(swupdate_rsa_verify.o)
 .rodata.swupdate_verify_file.str1.1
                0x000000000001278d      0x2d9 corelib/lib.a(swupdate_rsa_verify.o)
                                        0x2de (size before relaxing)
 .rodata.dgst_init.str1.1
                0x0000000000012a66       0x72 corelib/lib.a(verify_signature.o)
 .rodata.swupdate_HASH_init.str1.1
                0x0000000000012ad8       0x6e corelib/lib.a(verify_signature.o)
 .rodata.swupdate_dgst_init.str1.1
                0x0000000000012b46       0xba corelib/lib.a(verify_signature.o)

.rodata1
 *(SORT_BY_ALIGNMENT(.rodata1))

.eh_frame_hdr   0x0000000000012c00       0x3c
 *(SORT_BY_ALIGNMENT(.eh_frame_hdr))
 .eh_frame_hdr  0x0000000000012c00       0x3c /usr/lib/gcc/x86_64-linux-gnu/10/../../../x86_64-linux-gnu/Scrt1.o
                0x0000000000012c00                __GNU_EH_FRAME_HDR
 *(SORT_BY_ALIGNMENT(.eh_frame_entry) SORT_BY_ALIGNMENT(.eh_frame_entry.*))

.eh_frame       0x0000000000012c40      0x100
 *(SORT_BY_ALIGNMENT(.eh_frame))
 .eh_frame      0x0000000000012c40       0x30 /usr/lib/gcc/x86_64-linux-gnu/10/../../../x86_64-linux-gnu/Scrt1.o
                                         0x2c (size before relaxing)
 *fill*         0x0000000000012c70        0x0 
 .eh_frame      0x0000000000012c70       0x40 /usr/lib/gcc/x86_64-linux-gnu/10/../../../x86_64-linux-gnu/Scrt1.o
 .eh_frame      0x0000000000012cb0       0x18 /usr/lib/gcc/x86_64-linux-gnu/10/../../../x86_64-linux-gnu/Scrt1.o
                                         0x30 (size before relaxing)
 .eh_frame      0x0000000000012cc8       0x60 /usr/lib/x86_64-linux-gnu/libc_nonshared.a(elf-init.oS)
                                         0x78 (size before relaxing)
 .eh_frame      0x0000000000012d28        0x0 /usr/lib/x86_64-linux-gnu/libc_nonshared.a(atexit.oS)
                                         0x30 (size before relaxing)
 .eh_frame      0x0000000000012d28       0x14 /usr/lib/x86_64-linux-gnu/libc_nonshared.a(stat.oS)
                                         0x30 (size before relaxing)
 .eh_frame      0x0000000000012d3c        0x4 /usr/lib/gcc/x86_64-linux-gnu/10/crtendS.o
 *(SORT_BY_ALIGNMENT(.eh_frame.*))

.gcc_except_table
 *(SORT_BY_ALIGNMENT(.gcc_except_table) SORT_BY_ALIGNMENT(.gcc_except_table.*))

.gnu_extab
 *(SORT_BY_ALIGNMENT(.gnu_extab*))

.exception_ranges
 *(SORT_BY_ALIGNMENT(.exception_ranges*))
                0x0000000000014b38                . = DATA_SEGMENT_ALIGN (CONSTANT (MAXPAGESIZE), CONSTANT (COMMONPAGESIZE))

.eh_frame
 *(SORT_BY_ALIGNMENT(.eh_frame))
 *(SORT_BY_ALIGNMENT(.eh_frame.*))

.gnu_extab
 *(SORT_BY_ALIGNMENT(.gnu_extab))

.gcc_except_table
 *(SORT_BY_ALIGNMENT(.gcc_except_table) SORT_BY_ALIGNMENT(.gcc_except_table.*))

.exception_ranges
 *(SORT_BY_ALIGNMENT(.exception_ranges*))

.tdata          0x0000000000014b38        0x0
                [!provide]                        PROVIDE (__tdata_start = .)
 *(SORT_BY_ALIGNMENT(.tdata) SORT_BY_ALIGNMENT(.tdata.*) SORT_BY_ALIGNMENT(.gnu.linkonce.td.*))

.tbss
 *(SORT_BY_ALIGNMENT(.tbss) SORT_BY_ALIGNMENT(.tbss.*) SORT_BY_ALIGNMENT(.gnu.linkonce.tb.*))
 *(SORT_BY_ALIGNMENT(.tcommon))

.preinit_array  0x0000000000014b38        0x0
                [!provide]                        PROVIDE (__preinit_array_start = .)
 *(SORT_BY_ALIGNMENT(.preinit_array))
                [!provide]                        PROVIDE (__preinit_array_end = .)

.init_array     0x0000000000014b38       0x60
                0x0000000000014b38                PROVIDE (__init_array_start = .)
 *(SORT_BY_INIT_PRIORITY(.init_array.*) SORT_BY_INIT_PRIORITY(.ctors.*))
 *(SORT_BY_ALIGNMENT(.init_array) SORT_BY_ALIGNMENT(EXCLUDE_FILE(*crtend?.o *crtend.o *crtbegin?.o *crtbegin.o) .ctors))
 .init_array    0x0000000000014b38        0x8 /usr/lib/gcc/x86_64-linux-gnu/10/crtbeginS.o
 .init_array    0x0000000000014b40       0x50 handlers/built-in.o
 .init_array    0x0000000000014b90        0x8 bootloader/built-in.o
                0x0000000000014b98                PROVIDE (__init_array_end = .)

.fini_array     0x0000000000014b98        0x8
                [!provide]                        PROVIDE (__fini_array_start = .)
 *(SORT_BY_INIT_PRIORITY(.fini_array.*) SORT_BY_INIT_PRIORITY(.dtors.*))
 *(SORT_BY_ALIGNMENT(.fini_array) SORT_BY_ALIGNMENT(EXCLUDE_FILE(*crtend?.o *crtend.o *crtbegin?.o *crtbegin.o) .dtors))
 .fini_array    0x0000000000014b98        0x8 /usr/lib/gcc/x86_64-linux-gnu/10/crtbeginS.o
                [!provide]                        PROVIDE (__fini_array_end = .)

.ctors
 *crtbegin.o(SORT_BY_ALIGNMENT(.ctors))
 *crtbegin?.o(SORT_BY_ALIGNMENT(.ctors))
 *(SORT_BY_ALIGNMENT(EXCLUDE_FILE(*crtend?.o *crtend.o) .ctors))
 *(SORT_BY_NAME(SORT_BY_ALIGNMENT(.ctors.*)))
 *(SORT_BY_ALIGNMENT(.ctors))

.dtors
 *crtbegin.o(SORT_BY_ALIGNMENT(.dtors))
 *crtbegin?.o(SORT_BY_ALIGNMENT(.dtors))
 *(SORT_BY_ALIGNMENT(EXCLUDE_FILE(*crtend?.o *crtend.o) .dtors))
 *(SORT_BY_NAME(SORT_BY_ALIGNMENT(.dtors.*)))
 *(SORT_BY_ALIGNMENT(.dtors))

.jcr
 *(SORT_BY_ALIGNMENT(.jcr))

.data.rel.ro    0x0000000000014ba0      0x1c0
 *(SORT_BY_ALIGNMENT(.data.rel.ro.local*) SORT_BY_ALIGNMENT(.gnu.linkonce.d.rel.ro.local.*))
 .data.rel.ro.local.verify_tests.0
                0x0000000000014ba0       0x28 test/test_verify.o
 *fill*         0x0000000000014bc8       0x18 
 .data.rel.ro.local.l_swupdate_handler
                0x0000000000014be0       0x60 corelib/lib.a(lua_interface.o)
 .data.rel.ro.local.l_swupdate_bootenv
                0x0000000000014c40       0x40 corelib/lib.a(lua_interface.o)
 .data.rel.ro.local.l_swupdate
                0x0000000000014c80       0xe0 corelib/lib.a(lua_interface.o)
 *(SORT_BY_ALIGNMENT(.data.rel.ro) SORT_BY_ALIGNMENT(.data.rel.ro.*) SORT_BY_ALIGNMENT(.gnu.linkonce.d.rel.ro.*))
 .data.rel.ro   0x0000000000014d60        0x0 /usr/lib/gcc/x86_64-linux-gnu/10/../../../x86_64-linux-gnu/Scrt1.o

.dynamic        0x0000000000014d60      0x260
 *(SORT_BY_ALIGNMENT(.dynamic))
 .dynamic       0x0000000000014d60      0x260 /usr/lib/gcc/x86_64-linux-gnu/10/../../../x86_64-linux-gnu/Scrt1.o
                0x0000000000014d60                _DYNAMIC

.got            0x0000000000014fc0       0x28
 *(SORT_BY_ALIGNMENT(.got))
 .got           0x0000000000014fc0       0x28 /usr/lib/gcc/x86_64-linux-gnu/10/../../../x86_64-linux-gnu/Scrt1.o
 *(SORT_BY_ALIGNMENT(.igot))
                0x0000000000014fe8                . = DATA_SEGMENT_RELRO_END (., (SIZEOF (.got.plt) >= 0x18)?0x18:0x0)

.got.plt        0x0000000000015000      0x638
 *(SORT_BY_ALIGNMENT(.got.plt))
 .got.plt       0x0000000000015000      0x638 /usr/lib/gcc/x86_64-linux-gnu/10/../../../x86_64-linux-gnu/Scrt1.o
                0x0000000000015000                _GLOBAL_OFFSET_TABLE_
 *(SORT_BY_ALIGNMENT(.igot.plt))

.data           0x0000000000015640      0x144
 *(SORT_BY_ALIGNMENT(.data) SORT_BY_ALIGNMENT(.data.*) SORT_BY_ALIGNMENT(.gnu.linkonce.d.*))
 .data.rel.local.none
                0x0000000000015640       0x20 bootloader/built-in.o
 .data.rel.local.statfields
                0x0000000000015660       0xf0 corelib/lib.a(lua_interface.o)
                0x0000000000015660                statfields
 .data.codetab.5
                0x0000000000015750       0x11 core/built-in.o.tmp
 *fill*         0x0000000000015761        0x7 
 .data.rel.local
                0x0000000000015768        0x8 /usr/lib/gcc/x86_64-linux-gnu/10/crtbeginS.o
                0x0000000000015768                __dso_handle
 .data.handler_index
                0x0000000000015770        0x8 core/built-in.o.tmp
 .data.loglevel
                0x0000000000015778        0x4 core/built-in.o.tmp
                0x0000000000015778                loglevel
 .data.notifyfd
                0x000000000001577c        0x4 core/built-in.o.tmp
 .data.timeout  0x0000000000015780        0x4 handlers/built-in.o

.tm_clone_table
                0x0000000000015788        0x0
 .tm_clone_table
                0x0000000000015788        0x0 /usr/lib/gcc/x86_64-linux-gnu/10/crtbeginS.o
 .tm_clone_table
                0x0000000000015788        0x0 /usr/lib/gcc/x86_64-linux-gnu/10/crtendS.o

.data1
 *(SORT_BY_ALIGNMENT(.data1))
                0x0000000000015784                _edata = .
                [!provide]                        PROVIDE (edata = .)
                0x0000000000015788                . = .
                0x0000000000015784                __bss_start = .

.bss            0x00000000000157a0     0x37e8
 *(SORT_BY_ALIGNMENT(.dynbss))
 .dynbss        0x00000000000157a0        0x0 /usr/lib/gcc/x86_64-linux-gnu/10/../../../x86_64-linux-gnu/Scrt1.o
 *(SORT_BY_ALIGNMENT(.bss) SORT_BY_ALIGNMENT(.bss.*) SORT_BY_ALIGNMENT(.gnu.linkonce.b.*))
 .bss.swcfg     0x00000000000157a0     0x1280 core/built-in.o.tmp
 .bss.notify_server
                0x0000000000016a20       0x6e core/built-in.o.tmp
 *fill*         0x0000000000016a8e       0x12 
 .bss.clients_mutex
                0x0000000000016aa0       0x28 core/built-in.o.tmp
 *fill*         0x0000000000016ac8       0x18 
 .bss.supported_types
                0x0000000000016ae0     0x1600 core/built-in.o.tmp
                0x0000000000016ae0                supported_types
 .bss.inst      0x00000000000180e0      0x478 core/built-in.o.tmp
 *fill*         0x0000000000018558        0x8 
 .bss.progress  0x0000000000018560      0x9c0 core/built-in.o.tmp
 .bss.clients   0x0000000000018f20       0x10 core/built-in.o.tmp
 .bss.nr_installers
                0x0000000000018f30        0x8 core/built-in.o.tmp
 .bss.available
                0x0000000000018f38        0x8 core/built-in.o.tmp
 .bss.bootloader_env_get
                0x0000000000018f40        0x8 core/built-in.o.tmp
                0x0000000000018f40                bootloader_env_get
 .bss.TMPDIRSCRIPT
                0x0000000000018f48        0x8 core/built-in.o.tmp
 .bss.TMPDIR    0x0000000000018f50        0x8 core/built-in.o.tmp
 .bss.aes_key   0x0000000000018f58        0x8 core/built-in.o.tmp
 .bss.extract_thread
                0x0000000000018f60        0x8 handlers/built-in.o
                0x0000000000018f60                extract_thread
 .bss.environment
                0x0000000000018f68        0x8 bootloader/built-in.o
 .bss.gL        0x0000000000018f70        0x8 corelib/lib.a(lua_interface.o)
 .bss.num_available
                0x0000000000018f78        0x4 core/built-in.o.tmp
 .bss.pid       0x0000000000018f7c        0x4 core/built-in.o.tmp
                0x0000000000018f7c                pid
 .bss           0x0000000000018f80        0x1 /usr/lib/gcc/x86_64-linux-gnu/10/crtbeginS.o
 *(SORT_BY_ALIGNMENT(COMMON))
                0x0000000000018f88                . = ALIGN ((. != 0x0)?0x8:0x1)
 *fill*         0x0000000000018f81        0x7 

.lbss
 *(SORT_BY_ALIGNMENT(.dynlbss))
 *(SORT_BY_ALIGNMENT(.lbss) SORT_BY_ALIGNMENT(.lbss.*) SORT_BY_ALIGNMENT(.gnu.linkonce.lb.*))
 *(SORT_BY_ALIGNMENT(LARGE_COMMON))
                0x0000000000018f88                . = ALIGN (0x8)
                0x0000000000018f88                . = SEGMENT_START ("ldata-segment", .)

.lrodata
 *(SORT_BY_ALIGNMENT(.lrodata) SORT_BY_ALIGNMENT(.lrodata.*) SORT_BY_ALIGNMENT(.gnu.linkonce.lr.*))

.ldata          0x000000000001af88        0x0
 *(SORT_BY_ALIGNMENT(.ldata) SORT_BY_ALIGNMENT(.ldata.*) SORT_BY_ALIGNMENT(.gnu.linkonce.l.*))
                0x000000000001af88                . = ALIGN ((. != 0x0)?0x8:0x1)
                0x000000000001af88                . = ALIGN (0x8)
                0x0000000000018f88                _end = .
                [!provide]                        PROVIDE (end = .)
                0x000000000001af88                . = DATA_SEGMENT_END (.)

.stab
 *(SORT_BY_ALIGNMENT(.stab))

.stabstr
 *(SORT_BY_ALIGNMENT(.stabstr))

.stab.excl
 *(SORT_BY_ALIGNMENT(.stab.excl))

.stab.exclstr
 *(SORT_BY_ALIGNMENT(.stab.exclstr))

.stab.index
 *(SORT_BY_ALIGNMENT(.stab.index))

.stab.indexstr
 *(SORT_BY_ALIGNMENT(.stab.indexstr))

.comment        0x0000000000000000       0x27
 *(SORT_BY_ALIGNMENT(.comment))
 .comment       0x0000000000000000       0x27 /usr/lib/gcc/x86_64-linux-gnu/10/crtbeginS.o
                                         0x28 (size before relaxing)
 .comment       0x0000000000000027       0x28 test/test_verify.o
 .comment       0x0000000000000027      0x320 core/built-in.o.tmp
 .comment       0x0000000000000027      0x118 handlers/built-in.o
 .comment       0x0000000000000027       0x28 bootloader/built-in.o
 .comment       0x0000000000000027       0x28 corelib/lib.a(lua_interface.o)
 .comment       0x0000000000000027       0x28 corelib/lib.a(swupdate_decrypt.o)
 .comment       0x0000000000000027       0x28 corelib/lib.a(swupdate_rsa_verify.o)
 .comment       0x0000000000000027       0x28 corelib/lib.a(verify_signature.o)
 .comment       0x0000000000000027       0x28 /usr/lib/gcc/x86_64-linux-gnu/10/crtendS.o

.gnu.build.attributes
 *(SORT_BY_ALIGNMENT(.gnu.build.attributes) SORT_BY_ALIGNMENT(.gnu.build.attributes.*))

.debug
 *(SORT_BY_ALIGNMENT(.debug))

.line
 *(SORT_BY_ALIGNMENT(.line))

.debug_srcinfo
 *(SORT_BY_ALIGNMENT(.debug_srcinfo))

.debug_sfnames
 *(SORT_BY_ALIGNMENT(.debug_sfnames))

.debug_aranges  0x0000000000000000     0x1800
 *(SORT_BY_ALIGNMENT(.debug_aranges))
 .debug_aranges
                0x0000000000000000       0x40 test/test_verify.o
 .debug_aranges
                0x0000000000000040      0xfd0 core/built-in.o.tmp
 .debug_aranges
                0x0000000000001010      0x290 handlers/built-in.o
 .debug_aranges
                0x00000000000012a0       0x70 bootloader/built-in.o
 .debug_aranges
                0x0000000000001310      0x3c0 corelib/lib.a(lua_interface.o)
 .debug_aranges
                0x00000000000016d0       0x60 corelib/lib.a(swupdate_decrypt.o)
 .debug_aranges
                0x0000000000001730       0x40 corelib/lib.a(swupdate_rsa_verify.o)
 .debug_aranges
                0x0000000000001770       0x90 corelib/lib.a(verify_signature.o)

.debug_pubnames
 *(SORT_BY_ALIGNMENT(.debug_pubnames))

.debug_info     0x0000000000000000    0x3847b
 *(SORT_BY_ALIGNMENT(.debug_info) SORT_BY_ALIGNMENT(.gnu.linkonce.wi.*))
 .debug_info    0x0000000000000000      0xa48 test/test_verify.o
 .debug_info    0x0000000000000a48    0x25479 core/built-in.o.tmp
 .debug_info    0x0000000000025ec1     0x74b6 handlers/built-in.o
 .debug_info    0x000000000002d377      0x467 bootloader/built-in.o
 .debug_info    0x000000000002d7de     0x80d8 corelib/lib.a(lua_interface.o)
 .debug_info    0x00000000000358b6      0xbc7 corelib/lib.a(swupdate_decrypt.o)
 .debug_info    0x000000000003647d     0x10e6 corelib/lib.a(swupdate_rsa_verify.o)
 .debug_info    0x0000000000037563      0xf18 corelib/lib.a(verify_signature.o)

.debug_abbrev   0x0000000000000000     0x6678
 *(SORT_BY_ALIGNMENT(.debug_abbrev))
 .debug_abbrev  0x0000000000000000      0x211 test/test_verify.o
 .debug_abbrev  0x0000000000000211     0x4481 core/built-in.o.tmp
 .debug_abbrev  0x0000000000004692     0x1183 handlers/built-in.o
 .debug_abbrev  0x0000000000005815      0x170 bootloader/built-in.o
 .debug_abbrev  0x0000000000005985      0x55a corelib/lib.a(lua_interface.o)
 .debug_abbrev  0x0000000000005edf      0x1ff corelib/lib.a(swupdate_decrypt.o)
 .debug_abbrev  0x00000000000060de      0x301 corelib/lib.a(swupdate_rsa_verify.o)
 .debug_abbrev  0x00000000000063df      0x299 corelib/lib.a(verify_signature.o)

.debug_line     0x0000000000000000    0x1116c
 *(SORT_BY_ALIGNMENT(.debug_line) SORT_BY_ALIGNMENT(.debug_line.*) SORT_BY_ALIGNMENT(.debug_line_end))
 .debug_line    0x0000000000000000      0x11d test/test_verify.o
 .debug_line    0x000000000000011d     0xbd2d core/built-in.o.tmp
 .debug_line    0x000000000000be4a     0x2231 handlers/built-in.o
 .debug_line    0x000000000000e07b      0x139 bootloader/built-in.o
 .debug_line    0x000000000000e1b4     0x2259 corelib/lib.a(lua_interface.o)
 .debug_line    0x000000000001040d      0x3c1 corelib/lib.a(swupdate_decrypt.o)
 .debug_line    0x00000000000107ce      0x531 corelib/lib.a(swupdate_rsa_verify.o)
 .debug_line    0x0000000000010cff      0x46d corelib/lib.a(verify_signature.o)

.debug_frame    0x0000000000000000     0x49f8
 *(SORT_BY_ALIGNMENT(.debug_frame))
 .debug_frame   0x0000000000000000       0x50 test/test_verify.o
 .debug_frame   0x0000000000000050     0x32c0 core/built-in.o.tmp
 .debug_frame   0x0000000000003310      0x6d8 handlers/built-in.o
 .debug_frame   0x00000000000039e8       0xb0 bootloader/built-in.o
 .debug_frame   0x0000000000003a98      0xbb0 corelib/lib.a(lua_interface.o)
 .debug_frame   0x0000000000004648      0x128 corelib/lib.a(swupdate_decrypt.o)
 .debug_frame   0x0000000000004770      0x108 corelib/lib.a(swupdate_rsa_verify.o)
 .debug_frame   0x0000000000004878      0x180 corelib/lib.a(verify_signature.o)

.debug_str      0x0000000000000000     0x5075
 *(SORT_BY_ALIGNMENT(.debug_str))
 .debug_str     0x0000000000000000      0x61b test/test_verify.o
                                        0x71d (size before relaxing)
 .debug_str     0x000000000000061b     0x370d core/built-in.o.tmp
                                       0xd443 (size before relaxing)
 .debug_str     0x0000000000003d28      0x76f handlers/built-in.o
                                       0x312a (size before relaxing)
 .debug_str     0x0000000000004497       0x5f bootloader/built-in.o
                                        0x323 (size before relaxing)
 .debug_str     0x00000000000044f6      0x7f7 corelib/lib.a(lua_interface.o)
                                       0x1615 (size before relaxing)
 .debug_str     0x0000000000004ced      0x1cc corelib/lib.a(swupdate_decrypt.o)
                                        0x551 (size before relaxing)
 .debug_str     0x0000000000004eb9      0x11c corelib/lib.a(swupdate_rsa_verify.o)
                                        0x6de (size before relaxing)
 .debug_str     0x0000000000004fd5       0xa0 corelib/lib.a(verify_signature.o)
                                        0x90f (size before relaxing)

.debug_loc      0x0000000000000000    0x180c6
 *(SORT_BY_ALIGNMENT(.debug_loc))
 .debug_loc     0x0000000000000000       0x77 test/test_verify.o
 .debug_loc     0x0000000000000077    0x11830 core/built-in.o.tmp
 .debug_loc     0x00000000000118a7     0x27e8 handlers/built-in.o
 .debug_loc     0x000000000001408f      0x1d4 bootloader/built-in.o
 .debug_loc     0x0000000000014263     0x2b82 corelib/lib.a(lua_interface.o)
 .debug_loc     0x0000000000016de5      0x71a corelib/lib.a(swupdate_decrypt.o)
 .debug_loc     0x00000000000174ff      0x830 corelib/lib.a(swupdate_rsa_verify.o)
 .debug_loc     0x0000000000017d2f      0x397 corelib/lib.a(verify_signature.o)

.debug_macinfo
 *(SORT_BY_ALIGNMENT(.debug_macinfo))

.debug_weaknames
 *(SORT_BY_ALIGNMENT(.debug_weaknames))

.debug_funcnames
 *(SORT_BY_ALIGNMENT(.debug_funcnames))

.debug_typenames
 *(SORT_BY_ALIGNMENT(.debug_typenames))

.debug_varnames
 *(SORT_BY_ALIGNMENT(.debug_varnames))

.debug_pubtypes
 *(SORT_BY_ALIGNMENT(.debug_pubtypes))

.debug_ranges   0x0000000000000000     0x2750
 *(SORT_BY_ALIGNMENT(.debug_ranges))
 .debug_ranges  0x0000000000000000       0x30 test/test_verify.o
 .debug_ranges  0x0000000000000030     0x1c00 core/built-in.o.tmp
 .debug_ranges  0x0000000000001c30      0x3f0 handlers/built-in.o
 .debug_ranges  0x0000000000002020       0x60 bootloader/built-in.o
 .debug_ranges  0x0000000000002080      0x560 corelib/lib.a(lua_interface.o)
 .debug_ranges  0x00000000000025e0       0x50 corelib/lib.a(swupdate_decrypt.o)
 .debug_ranges  0x0000000000002630       0xa0 corelib/lib.a(swupdate_rsa_verify.o)
 .debug_ranges  0x00000000000026d0       0x80 corelib/lib.a(verify_signature.o)

.debug_macro
 *(SORT_BY_ALIGNMENT(.debug_macro))

.debug_addr
 *(SORT_BY_ALIGNMENT(.debug_addr))

.gnu.attributes
 *(SORT_BY_ALIGNMENT(.gnu.attributes))

/DISCARD/
 *(SORT_BY_ALIGNMENT(.note.GNU-stack))
 *(SORT_BY_ALIGNMENT(.gnu_debuglink))
 *(SORT_BY_ALIGNMENT(.gnu.lto_*))
OUTPUT(test/test_verify elf64-x86-64)
